2026-09-27 12:18:43.759 [info] [main] Log level: Info
2026-09-27 12:18:43.759 [info] [main] Validating found git in: "git"
2026-09-27 12:18:43.759 [info] [main] Using git "2.25.1" from "git"
2026-09-27 12:18:43.759 [info] [Model][doInitialScan] Initial repository scan started
2026-09-27 12:18:43.759 [info] > git rev-parse --show-toplevel [4ms]
2026-09-27 12:18:43.759 [info] fatal: not a git repository (or any parent up to mount point /voc)
Stopping at filesystem boundary (GIT_DISCOVERY_ACROSS_FILESYSTEM not set).
2026-09-27 12:18:43.759 [info] > git rev-parse --show-toplevel [5ms]
2026-09-27 12:18:43.759 [info] fatal: not a git repository (or any parent up to mount point /voc)
Stopping at filesystem boundary (GIT_DISCOVERY_ACROSS_FILESYSTEM not set).
2026-09-27 12:18:43.759 [info] > git rev-parse --show-toplevel [5ms]
2026-09-27 12:18:43.759 [info] fatal: not a git repository (or any parent up to mount point /voc)
Stopping at filesystem boundary (GIT_DISCOVERY_ACROSS_FILESYSTEM not set).
2026-09-27 12:18:43.759 [info] > git rev-parse --show-toplevel [6ms]
2026-09-27 12:18:43.759 [info] fatal: not a git repository (or any parent up to mount point /voc)
Stopping at filesystem boundary (GIT_DISCOVERY_ACROSS_FILESYSTEM not set).
2026-09-27 12:18:43.759 [info] > git rev-parse --show-toplevel [4ms]
2026-09-27 12:18:43.759 [info] fatal: not a git repository (or any parent up to mount point /voc)
Stopping at filesystem boundary (GIT_DISCOVERY_ACROSS_FILESYSTEM not set).
2026-09-27 12:18:43.759 [info] > git rev-parse --show-toplevel [2ms]
2026-09-27 12:18:43.759 [info] fatal: not a git repository (or any parent up to mount point /voc)
Stopping at filesystem boundary (GIT_DISCOVERY_ACROSS_FILESYSTEM not set).
2026-09-27 12:18:43.759 [info] > git rev-parse --show-toplevel [3ms]
2026-09-27 12:18:43.759 [info] fatal: not a git repository (or any parent up to mount point /voc)
Stopping at filesystem boundary (GIT_DISCOVERY_ACROSS_FILESYSTEM not set).
2026-09-27 12:18:43.759 [info] [Model][doInitialScan] Initial repository scan completed - repositories (0), closed repositories (0), parent repositories (0), unsafe repositories (0)
2026-09-27 12:18:46.177 [info] > git rev-parse --show-toplevel [2ms]
2026-09-27 12:18:46.177 [info] fatal: not a git repository (or any parent up to mount point /voc)
Stopping at filesystem boundary (GIT_DISCOVERY_ACROSS_FILESYSTEM not set).
