2026-10-03 22:36:39.273 [info] [main] Log level: Info
2026-10-03 22:36:39.273 [info] [main] Validating found git in: "git"
2026-10-03 22:36:39.273 [info] [main] Using git "2.25.1" from "git"
2026-10-03 22:36:39.273 [info] [Model][doInitialScan] Initial repository scan started
2026-10-03 22:36:39.273 [info] > git rev-parse --show-toplevel [2ms]
2026-10-03 22:36:39.273 [info] fatal: not a git repository (or any parent up to mount point /voc)
Stopping at filesystem boundary (GIT_DISCOVERY_ACROSS_FILESYSTEM not set).
2026-10-03 22:36:39.273 [info] > git rev-parse --show-toplevel [3ms]
2026-10-03 22:36:39.273 [info] fatal: not a git repository (or any parent up to mount point /voc)
Stopping at filesystem boundary (GIT_DISCOVERY_ACROSS_FILESYSTEM not set).
2026-10-03 22:36:39.273 [info] > git rev-parse --show-toplevel [3ms]
2026-10-03 22:36:39.278 [info] fatal: not a git repository (or any parent up to mount point /voc)
Stopping at filesystem boundary (GIT_DISCOVERY_ACROSS_FILESYSTEM not set).
2026-10-03 22:36:39.278 [info] > git rev-parse --show-toplevel [3ms]
2026-10-03 22:36:39.278 [info] fatal: not a git repository (or any parent up to mount point /voc)
Stopping at filesystem boundary (GIT_DISCOVERY_ACROSS_FILESYSTEM not set).
2026-10-03 22:36:39.278 [info] > git rev-parse --show-toplevel [3ms]
2026-10-03 22:36:39.278 [info] fatal: not a git repository (or any parent up to mount point /voc)
Stopping at filesystem boundary (GIT_DISCOVERY_ACROSS_FILESYSTEM not set).
2026-10-03 22:36:39.278 [info] > git rev-parse --show-toplevel [3ms]
2026-10-03 22:36:39.278 [info] fatal: not a git repository (or any parent up to mount point /voc)
Stopping at filesystem boundary (GIT_DISCOVERY_ACROSS_FILESYSTEM not set).
2026-10-03 22:36:39.278 [info] > git rev-parse --show-toplevel [3ms]
2026-10-03 22:36:39.278 [info] fatal: not a git repository (or any parent up to mount point /voc)
Stopping at filesystem boundary (GIT_DISCOVERY_ACROSS_FILESYSTEM not set).
2026-10-03 22:36:39.278 [info] > git rev-parse --show-toplevel [2ms]
2026-10-03 22:36:39.278 [info] fatal: not a git repository (or any parent up to mount point /voc)
Stopping at filesystem boundary (GIT_DISCOVERY_ACROSS_FILESYSTEM not set).
2026-10-03 22:36:39.278 [info] > git rev-parse --show-toplevel [2ms]
2026-10-03 22:36:39.278 [info] fatal: not a git repository (or any parent up to mount point /voc)
Stopping at filesystem boundary (GIT_DISCOVERY_ACROSS_FILESYSTEM not set).
2026-10-03 22:36:39.278 [info] [Model][doInitialScan] Initial repository scan completed - repositories (0), closed repositories (0), parent repositories (0), unsafe repositories (0)
2026-10-03 22:36:39.278 [info] > git rev-parse --show-toplevel [2ms]
2026-10-03 22:36:39.278 [info] fatal: not a git repository (or any parent up to mount point /voc)
Stopping at filesystem boundary (GIT_DISCOVERY_ACROSS_FILESYSTEM not set).
2026-10-03 22:46:28.181 [info] > git rev-parse --show-toplevel [2ms]
2026-10-03 22:46:28.182 [info] fatal: not a git repository (or any parent up to mount point /voc)
Stopping at filesystem boundary (GIT_DISCOVERY_ACROSS_FILESYSTEM not set).
2026-10-03 22:46:28.942 [info] > git rev-parse --show-toplevel [1ms]
2026-10-03 22:46:28.942 [info] fatal: not a git repository (or any parent up to mount point /voc)
Stopping at filesystem boundary (GIT_DISCOVERY_ACROSS_FILESYSTEM not set).
2026-10-03 22:46:29.196 [info] > git rev-parse --show-toplevel [1ms]
2026-10-03 22:46:29.196 [info] fatal: not a git repository (or any parent up to mount point /voc)
Stopping at filesystem boundary (GIT_DISCOVERY_ACROSS_FILESYSTEM not set).
2026-10-03 22:46:30.838 [info] > git rev-parse --show-toplevel [1ms]
2026-10-03 22:46:30.838 [info] fatal: not a git repository (or any parent up to mount point /voc)
Stopping at filesystem boundary (GIT_DISCOVERY_ACROSS_FILESYSTEM not set).
2026-10-03 23:19:32.326 [info] > git init [300ms]
2026-10-03 23:19:32.337 [info] > git rev-parse --show-toplevel [7ms]
2026-10-03 23:19:32.346 [info] > git rev-parse --git-dir --git-common-dir --show-superproject-working-tree [6ms]
2026-10-03 23:19:32.353 [info] [Model][openRepository] Opened repository (path): /voc/work
2026-10-03 23:19:32.353 [info] [Model][openRepository] Opened repository (real path): /voc/work
2026-10-03 23:19:32.353 [info] [Model][openRepository] Opened repository (kind): repository
2026-10-03 23:19:32.362 [info] [Git][getRemotes] No remotes found in the git config file
2026-10-03 23:19:32.366 [info] > git config --get commit.template [5ms]
2026-10-03 23:19:32.370 [info] > git for-each-ref --format=%(refname)%00%(upstream:short)%00%(objectname)%00%(upstream:track)%00%(upstream:remotename)%00%(upstream:remoteref) refs/heads/master refs/remotes/master [11ms]
2026-10-03 23:19:32.370 [warning] [Git][getBranch] No such branch: master
2026-10-03 23:19:32.388 [info] > git for-each-ref --sort -committerdate --format %(refname)%00%(objectname)%00%(*objectname) [13ms]
2026-10-03 23:19:32.609 [info] > git status -z -uall [236ms]
2026-10-03 23:19:32.624 [info] [Git][getRemotes] No remotes found in the git config file
2026-10-03 23:19:32.624 [info] > git for-each-ref --format=%(refname)%00%(upstream:short)%00%(objectname)%00%(upstream:track)%00%(upstream:remotename)%00%(upstream:remoteref) refs/heads/master refs/remotes/master [8ms]
2026-10-03 23:19:32.627 [warning] [Git][getBranch] No such branch: master
2026-10-03 23:19:32.627 [error] [GitHistoryProvider][resolveHEADMergeBase] Failed to resolve merge base for master: Error: No such branch: master.
2026-10-03 23:19:32.628 [info] > git config --get commit.template [7ms]
2026-10-03 23:19:32.631 [info] > git for-each-ref --format=%(refname)%00%(upstream:short)%00%(objectname)%00%(upstream:track)%00%(upstream:remotename)%00%(upstream:remoteref) refs/heads/master refs/remotes/master [8ms]
2026-10-03 23:19:32.631 [warning] [Git][getBranch] No such branch: master
2026-10-03 23:19:32.642 [info] > git for-each-ref --sort -committerdate --format %(refname)%00%(objectname)%00%(*objectname) [8ms]
2026-10-03 23:19:32.664 [info] > git status -z -uall [31ms]
2026-10-03 23:19:32.759 [info] > git log --format=%H%n%aN%n%aE%n%at%n%ct%n%P%n%D%n%B -z --shortstat -n50 --skip=0 --topo-order --decorate=full --stdin [11ms]
2026-10-03 23:19:32.759 [info] fatal: bad revision 'refs/heads/master'
2026-10-03 23:19:32.759 [error] [GitHistoryProvider][provideHistoryItems] Failed to get history items with options '{"historyItemRefs":["refs/heads/master"],"limit":50,"skip":0}': Failed to execute git {
  "exitCode": 128,
  "gitCommand": "log",
  "stdout": "",
  "stderr": "fatal: bad revision 'refs/heads/master'\n"
}
2026-10-03 23:19:33.436 [info] > git check-ignore -v -z --stdin [9ms]
2026-10-03 23:19:36.019 [info] [Git][getRemotes] No remotes found in the git config file
2026-10-03 23:19:36.024 [info] > git config --get commit.template [5ms]
2026-10-03 23:19:36.030 [info] > git for-each-ref --format=%(refname)%00%(upstream:short)%00%(objectname)%00%(upstream:track)%00%(upstream:remotename)%00%(upstream:remoteref) refs/heads/master refs/remotes/master [9ms]
2026-10-03 23:19:36.030 [warning] [Git][getBranch] No such branch: master
2026-10-03 23:19:36.045 [info] > git for-each-ref --sort -committerdate --format %(refname)%00%(objectname)%00%(*objectname) [8ms]
2026-10-03 23:19:36.109 [info] > git status -z -uall [74ms]
2026-10-03 23:19:50.209 [info] [Git][getRemotes] No remotes found in the git config file
2026-10-03 23:19:50.215 [info] > git config --get commit.template [6ms]
2026-10-03 23:19:50.221 [info] > git for-each-ref --format=%(refname)%00%(upstream:short)%00%(objectname)%00%(upstream:track)%00%(upstream:remotename)%00%(upstream:remoteref) refs/heads/master refs/remotes/master [9ms]
2026-10-03 23:19:50.221 [warning] [Git][getBranch] No such branch: master
2026-10-03 23:19:50.237 [info] > git for-each-ref --sort -committerdate --format %(refname)%00%(objectname)%00%(*objectname) [8ms]
2026-10-03 23:19:50.305 [info] > git status -z -uall [78ms]
2026-10-03 23:19:58.699 [info] [Git][getRemotes] No remotes found in the git config file
2026-10-03 23:19:58.703 [info] > git config --get commit.template [5ms]
2026-10-03 23:19:58.710 [info] > git for-each-ref --format=%(refname)%00%(upstream:short)%00%(objectname)%00%(upstream:track)%00%(upstream:remotename)%00%(upstream:remoteref) refs/heads/master refs/remotes/master [9ms]
2026-10-03 23:19:58.710 [warning] [Git][getBranch] No such branch: master
2026-10-03 23:19:58.722 [info] > git for-each-ref --sort -committerdate --format %(refname)%00%(objectname)%00%(*objectname) [8ms]
2026-10-03 23:19:58.790 [info] > git status -z -uall [78ms]
2026-10-03 23:20:17.723 [info] [Git][getRemotes] No remotes found in the git config file
2026-10-03 23:20:17.728 [info] > git config --get commit.template [8ms]
2026-10-03 23:20:17.732 [info] > git for-each-ref --format=%(refname)%00%(upstream:short)%00%(objectname)%00%(upstream:track)%00%(upstream:remotename)%00%(upstream:remoteref) refs/heads/master refs/remotes/master [8ms]
2026-10-03 23:20:17.732 [warning] [Git][getBranch] No such branch: master
2026-10-03 23:20:17.743 [info] > git for-each-ref --sort -committerdate --format %(refname)%00%(objectname)%00%(*objectname) [8ms]
2026-10-03 23:20:17.810 [info] > git status -z -uall [77ms]
2026-10-03 23:21:37.411 [info] [Git][getRemotes] No remotes found in the git config file
2026-10-03 23:21:37.421 [info] > git config --get commit.template [13ms]
2026-10-03 23:21:37.422 [info] > git for-each-ref --format=%(refname)%00%(upstream:short)%00%(objectname)%00%(upstream:track)%00%(upstream:remotename)%00%(upstream:remoteref) refs/heads/master refs/remotes/master [11ms]
2026-10-03 23:21:37.425 [warning] [Git][getBranch] No such branch: master
2026-10-03 23:21:37.440 [info] > git for-each-ref --sort -committerdate --format %(refname)%00%(objectname)%00%(*objectname) [11ms]
2026-10-03 23:21:37.541 [info] > git status -z -uall [114ms]
2026-10-03 23:22:01.397 [info] [Git][getRemotes] No remotes found in the git config file
2026-10-03 23:22:01.402 [info] > git config --get commit.template [8ms]
2026-10-03 23:22:01.407 [info] > git for-each-ref --format=%(refname)%00%(upstream:short)%00%(objectname)%00%(upstream:track)%00%(upstream:remotename)%00%(upstream:remoteref) refs/heads/master refs/remotes/master [10ms]
2026-10-03 23:22:01.407 [warning] [Git][getBranch] No such branch: master
2026-10-03 23:22:01.425 [info] > git for-each-ref --sort -committerdate --format %(refname)%00%(objectname)%00%(*objectname) [10ms]
2026-10-03 23:22:01.502 [info] > git status -z -uall [89ms]
2026-10-03 23:24:56.724 [info] [Git][getRemotes] No remotes found in the git config file
2026-10-03 23:24:56.732 [info] > git config --get commit.template [12ms]
2026-10-03 23:24:56.737 [info] > git for-each-ref --format=%(refname)%00%(upstream:short)%00%(objectname)%00%(upstream:track)%00%(upstream:remotename)%00%(upstream:remoteref) refs/heads/master refs/remotes/master [13ms]
2026-10-03 23:24:56.737 [warning] [Git][getBranch] No such branch: master
2026-10-03 23:24:56.748 [info] > git for-each-ref --sort -committerdate --format %(refname)%00%(objectname)%00%(*objectname) [7ms]
2026-10-03 23:24:56.830 [info] > git status -z -uall [91ms]
2026-10-03 23:25:01.839 [info] [Git][getRemotes] No remotes found in the git config file
2026-10-03 23:25:01.845 [info] > git config --get commit.template [8ms]
2026-10-03 23:25:01.849 [info] > git for-each-ref --format=%(refname)%00%(upstream:short)%00%(objectname)%00%(upstream:track)%00%(upstream:remotename)%00%(upstream:remoteref) refs/heads/master refs/remotes/master [10ms]
2026-10-03 23:25:01.849 [warning] [Git][getBranch] No such branch: master
2026-10-03 23:25:01.862 [info] > git for-each-ref --sort -committerdate --format %(refname)%00%(objectname)%00%(*objectname) [8ms]
2026-10-03 23:25:01.949 [info] > git status -z -uall [97ms]
2026-10-03 23:25:16.526 [info] [Git][getRemotes] No remotes found in the git config file
2026-10-03 23:25:16.534 [info] > git config --get commit.template [9ms]
2026-10-03 23:25:16.538 [info] > git for-each-ref --format=%(refname)%00%(upstream:short)%00%(objectname)%00%(upstream:track)%00%(upstream:remotename)%00%(upstream:remoteref) refs/heads/master refs/remotes/master [10ms]
2026-10-03 23:25:16.538 [warning] [Git][getBranch] No such branch: master
2026-10-03 23:25:16.551 [info] > git for-each-ref --sort -committerdate --format %(refname)%00%(objectname)%00%(*objectname) [10ms]
2026-10-03 23:25:16.633 [info] > git status -z -uall [94ms]
2026-10-03 23:25:21.642 [info] [Git][getRemotes] No remotes found in the git config file
2026-10-03 23:25:21.647 [info] > git config --get commit.template [8ms]
2026-10-03 23:25:21.651 [info] > git for-each-ref --format=%(refname)%00%(upstream:short)%00%(objectname)%00%(upstream:track)%00%(upstream:remotename)%00%(upstream:remoteref) refs/heads/master refs/remotes/master [9ms]
2026-10-03 23:25:21.651 [warning] [Git][getBranch] No such branch: master
2026-10-03 23:25:21.663 [info] > git for-each-ref --sort -committerdate --format %(refname)%00%(objectname)%00%(*objectname) [8ms]
2026-10-03 23:25:21.730 [info] > git status -z -uall [77ms]
2026-10-03 23:25:26.742 [info] > git config --get commit.template [6ms]
2026-10-03 23:25:26.747 [info] > git for-each-ref --format=%(refname)%00%(upstream:short)%00%(objectname)%00%(upstream:track)%00%(upstream:remotename)%00%(upstream:remoteref) refs/heads/master refs/remotes/master [9ms]
2026-10-03 23:25:26.747 [warning] [Git][getBranch] No such branch: master
2026-10-03 23:25:26.758 [info] > git for-each-ref --sort -committerdate --format %(refname)%00%(objectname)%00%(*objectname) [8ms]
2026-10-03 23:25:26.825 [info] > git status -z -uall [77ms]
2026-10-03 23:25:47.909 [info] > git config --get commit.template [5ms]
2026-10-03 23:25:47.915 [info] > git for-each-ref --format=%(refname)%00%(upstream:short)%00%(objectname)%00%(upstream:track)%00%(upstream:remotename)%00%(upstream:remoteref) refs/heads/master refs/remotes/master [9ms]
2026-10-03 23:25:47.915 [warning] [Git][getBranch] No such branch: master
2026-10-03 23:25:47.927 [info] > git for-each-ref --sort -committerdate --format %(refname)%00%(objectname)%00%(*objectname) [8ms]
2026-10-03 23:25:47.997 [info] > git status -z -uall [80ms]
2026-10-03 23:25:53.007 [info] > git config --get commit.template [5ms]
2026-10-03 23:25:53.013 [info] > git for-each-ref --format=%(refname)%00%(upstream:short)%00%(objectname)%00%(upstream:track)%00%(upstream:remotename)%00%(upstream:remoteref) refs/heads/master refs/remotes/master [8ms]
2026-10-03 23:25:53.013 [warning] [Git][getBranch] No such branch: master
2026-10-03 23:25:53.025 [info] > git for-each-ref --sort -committerdate --format %(refname)%00%(objectname)%00%(*objectname) [8ms]
2026-10-03 23:25:53.097 [info] > git status -z -uall [82ms]
2026-10-03 23:25:58.107 [info] > git config --get commit.template [5ms]
2026-10-03 23:25:58.113 [info] > git for-each-ref --format=%(refname)%00%(upstream:short)%00%(objectname)%00%(upstream:track)%00%(upstream:remotename)%00%(upstream:remoteref) refs/heads/master refs/remotes/master [8ms]
2026-10-03 23:25:58.113 [warning] [Git][getBranch] No such branch: master
2026-10-03 23:25:58.125 [info] > git for-each-ref --sort -committerdate --format %(refname)%00%(objectname)%00%(*objectname) [8ms]
2026-10-03 23:25:58.193 [info] > git status -z -uall [78ms]
2026-10-03 23:26:03.205 [info] > git config --get commit.template [6ms]
2026-10-03 23:26:03.211 [info] > git for-each-ref --format=%(refname)%00%(upstream:short)%00%(objectname)%00%(upstream:track)%00%(upstream:remotename)%00%(upstream:remoteref) refs/heads/master refs/remotes/master [8ms]
2026-10-03 23:26:03.211 [warning] [Git][getBranch] No such branch: master
2026-10-03 23:26:03.223 [info] > git for-each-ref --sort -committerdate --format %(refname)%00%(objectname)%00%(*objectname) [8ms]
2026-10-03 23:26:03.298 [info] > git status -z -uall [85ms]
2026-10-03 23:26:12.386 [info] [Git][getRemotes] No remotes found in the git config file
2026-10-03 23:26:12.392 [info] > git config --get commit.template [7ms]
2026-10-03 23:26:12.397 [info] > git for-each-ref --format=%(refname)%00%(upstream:short)%00%(objectname)%00%(upstream:track)%00%(upstream:remotename)%00%(upstream:remoteref) refs/heads/master refs/remotes/master [9ms]
2026-10-03 23:26:12.397 [warning] [Git][getBranch] No such branch: master
2026-10-03 23:26:12.409 [info] > git for-each-ref --sort -committerdate --format %(refname)%00%(objectname)%00%(*objectname) [8ms]
2026-10-03 23:26:12.476 [info] > git status -z -uall [77ms]
2026-10-03 23:26:17.485 [info] [Git][getRemotes] No remotes found in the git config file
2026-10-03 23:26:17.490 [info] > git config --get commit.template [8ms]
2026-10-03 23:26:17.495 [info] > git for-each-ref --format=%(refname)%00%(upstream:short)%00%(objectname)%00%(upstream:track)%00%(upstream:remotename)%00%(upstream:remoteref) refs/heads/master refs/remotes/master [10ms]
2026-10-03 23:26:17.495 [warning] [Git][getBranch] No such branch: master
2026-10-03 23:26:17.506 [info] > git for-each-ref --sort -committerdate --format %(refname)%00%(objectname)%00%(*objectname) [8ms]
2026-10-03 23:26:17.574 [info] > git status -z -uall [78ms]
2026-10-03 23:26:25.708 [info] > git config --get commit.template [6ms]
2026-10-03 23:26:25.713 [info] > git for-each-ref --format=%(refname)%00%(upstream:short)%00%(objectname)%00%(upstream:track)%00%(upstream:remotename)%00%(upstream:remoteref) refs/heads/master refs/remotes/master [8ms]
2026-10-03 23:26:25.714 [warning] [Git][getBranch] No such branch: master
2026-10-03 23:26:25.725 [info] > git for-each-ref --sort -committerdate --format %(refname)%00%(objectname)%00%(*objectname) [8ms]
2026-10-03 23:26:25.791 [info] > git status -z -uall [76ms]
2026-10-03 23:26:28.694 [info] > git config --get commit.template [6ms]
2026-10-03 23:26:28.698 [info] > git for-each-ref --format=%(refname)%00%(upstream:short)%00%(objectname)%00%(upstream:track)%00%(upstream:remotename)%00%(upstream:remoteref) refs/heads/master refs/remotes/master [8ms]
2026-10-03 23:26:28.698 [warning] [Git][getBranch] No such branch: master
2026-10-03 23:26:28.709 [info] > git for-each-ref --sort -committerdate --format %(refname)%00%(objectname)%00%(*objectname) [7ms]
2026-10-03 23:26:28.732 [info] > git status -z -uall [32ms]
2026-10-03 23:26:30.803 [info] > git config --get commit.template [6ms]
2026-10-03 23:26:30.809 [info] > git for-each-ref --format=%(refname)%00%(upstream:short)%00%(objectname)%00%(upstream:track)%00%(upstream:remotename)%00%(upstream:remoteref) refs/heads/master refs/remotes/master [9ms]
2026-10-03 23:26:30.809 [warning] [Git][getBranch] No such branch: master
2026-10-03 23:26:30.822 [info] > git for-each-ref --sort -committerdate --format %(refname)%00%(objectname)%00%(*objectname) [9ms]
2026-10-03 23:26:30.892 [info] > git status -z -uall [81ms]
2026-10-03 23:26:35.902 [info] > git config --get commit.template [5ms]
2026-10-03 23:26:35.908 [info] > git for-each-ref --format=%(refname)%00%(upstream:short)%00%(objectname)%00%(upstream:track)%00%(upstream:remotename)%00%(upstream:remoteref) refs/heads/master refs/remotes/master [8ms]
2026-10-03 23:26:35.908 [warning] [Git][getBranch] No such branch: master
2026-10-03 23:26:35.919 [info] > git for-each-ref --sort -committerdate --format %(refname)%00%(objectname)%00%(*objectname) [8ms]
2026-10-03 23:26:35.983 [info] > git status -z -uall [73ms]
2026-10-03 23:26:40.996 [info] > git config --get commit.template [8ms]
2026-10-03 23:26:41.001 [info] > git for-each-ref --format=%(refname)%00%(upstream:short)%00%(objectname)%00%(upstream:track)%00%(upstream:remotename)%00%(upstream:remoteref) refs/heads/master refs/remotes/master [10ms]
2026-10-03 23:26:41.001 [warning] [Git][getBranch] No such branch: master
2026-10-03 23:26:41.013 [info] > git for-each-ref --sort -committerdate --format %(refname)%00%(objectname)%00%(*objectname) [8ms]
2026-10-03 23:26:41.033 [info] > git status -z -uall [30ms]
