2026-10-03 23:18:18.188 [info] Reading sessions from keychain...
2026-10-03 23:18:18.188 [info] Getting sessions for all scopes...
2026-10-03 23:18:18.188 [info] Got 0 sessions for ...
2026-10-03 23:18:18.188 [info] Getting sessions for all scopes...
2026-10-03 23:18:18.188 [info] Got 0 sessions for ...
2026-10-03 23:18:18.188 [info] Getting sessions for all scopes...
2026-10-03 23:18:18.188 [info] Got 0 sessions for ...
2026-10-03 23:18:18.188 [info] Getting sessions for all scopes...
2026-10-03 23:18:18.188 [info] Got 0 sessions for ...
2026-10-03 23:18:18.188 [info] Getting sessions for all scopes...
2026-10-03 23:18:18.188 [info] Got 0 sessions for ...
2026-10-03 23:18:18.256 [info] Getting sessions for read:user,repo,user:email,workflow...
2026-10-03 23:18:18.256 [info] Got 0 sessions for read:user,repo,user:email,workflow...
2026-10-03 23:18:25.585 [info] Logging in with 'any' account...
2026-10-03 23:18:25.586 [info] Logging in for the following scopes: read:user repo user:email workflow
2026-10-03 23:18:25.763 [info] Trying device code flow... (read:user repo user:email workflow)
2026-10-03 23:19:00.074 [info] Getting user info...
2026-10-03 23:19:00.439 [info] Got account info!
2026-10-03 23:19:00.439 [info] Storing 1 sessions...
2026-10-03 23:19:00.531 [info] Reading sessions from keychain...
2026-10-03 23:19:00.531 [info] Stored 1 sessions!
2026-10-03 23:19:00.531 [info] Login success!
2026-10-03 23:19:00.631 [info] Got stored sessions!
2026-10-03 23:19:00.631 [info] Got 1 verified sessions.
