2026-10-03 22:46:28.732 [info] Telemetry level is off
2026-10-03 22:46:28.732 [info] Experiments are disabled, only manually opted experiments are active.
2026-10-03 22:46:28.732 [warning] Dir "/voc/work/.pixi/envs" is not watchable (directory does not exist)
2026-10-03 22:46:28.732 [info] Starting Environment refresh
2026-10-03 22:46:28.732 [info] Searching for interpreters in posix paths locator
2026-10-03 22:46:28.736 [info] Searching for pyenv environments
2026-10-03 22:46:28.736 [info] Searching for conda environments
2026-10-03 22:46:28.736 [info] Searching for global virtual environments
2026-10-03 22:46:28.736 [info] Searching for custom virtual environments
2026-10-03 22:46:28.736 [info] Skipping ActivatedEnv Detection:  process.env.VSCODE_CLI !== '1'
2026-10-03 22:46:28.736 [info] Skipping ActivatedEnv Detection:  process.env.VSCODE_CLI !== '1'
2026-10-03 22:46:28.736 [info] Finished searching for custom virtual envs: 36 milliseconds
2026-10-03 22:46:28.736 [info] pyenv is not installed
2026-10-03 22:46:28.736 [info] Finished searching for pyenv environments: 37 milliseconds
2026-10-03 22:46:28.736 [info] > conda info --json
2026-10-03 22:46:28.736 [info] > hatch env show --json
2026-10-03 22:46:28.736 [info] cwd: .
2026-10-03 22:46:28.736 [info] > pyenv which python
2026-10-03 22:46:28.736 [info] cwd: .
2026-10-03 22:46:28.736 [info] Finished searching for global virtual envs: 74 milliseconds
2026-10-03 22:46:28.736 [info] Found: /bin/python --> /bin/python3.10
2026-10-03 22:46:28.736 [info] Found: /bin/python3 --> /bin/python3.10
2026-10-03 22:46:28.736 [info] Found: /bin/python3.10 --> /bin/python3.10
2026-10-03 22:46:28.736 [info] Found: /bin/python3.8 --> /bin/python3.8
2026-10-03 22:46:28.744 [info] Found: /usr/bin/python --> /usr/bin/python3.10
2026-10-03 22:46:28.744 [info] Found: /usr/bin/python3 --> /usr/bin/python3.10
2026-10-03 22:46:28.748 [info] Found: /usr/bin/python3.10 --> /usr/bin/python3.10
2026-10-03 22:46:28.748 [info] Found: /usr/bin/python3.8 --> /usr/bin/python3.8
2026-10-03 22:46:28.765 [info] > /bin/python -I /usr/local/lib/code-server-4.103.2/lib/vscode/extensions/ms-python.python-2025.12.0/python_files/get_output_via_markers.py /usr/local/lib/code-server-4.103.2/lib/vscode/extensions/ms-python.python-2025.12.0/python_files/interpreterInfo.py
2026-10-03 22:46:28.773 [info] > /bin/python3.8 -I /usr/local/lib/code-server-4.103.2/lib/vscode/extensions/ms-python.python-2025.12.0/python_files/get_output_via_markers.py /usr/local/lib/code-server-4.103.2/lib/vscode/extensions/ms-python.python-2025.12.0/python_files/interpreterInfo.py
2026-10-03 22:46:28.778 [info] Finished searching for interpreters in posix paths locator: 142 milliseconds
2026-10-03 22:46:28.786 [info] Environments refresh paths discovered (event): 150 milliseconds
2026-10-03 22:46:28.786 [info] Environments refresh paths discovered: 150 milliseconds
2026-10-03 22:46:28.796 [info] > /usr/bin/python -I /usr/local/lib/code-server-4.103.2/lib/vscode/extensions/ms-python.python-2025.12.0/python_files/get_output_via_markers.py /usr/local/lib/code-server-4.103.2/lib/vscode/extensions/ms-python.python-2025.12.0/python_files/interpreterInfo.py
2026-10-03 22:46:28.800 [info] > /usr/bin/python3.8 -I /usr/local/lib/code-server-4.103.2/lib/vscode/extensions/ms-python.python-2025.12.0/python_files/get_output_via_markers.py /usr/local/lib/code-server-4.103.2/lib/vscode/extensions/ms-python.python-2025.12.0/python_files/interpreterInfo.py
2026-10-03 22:46:28.822 [info] Environments refresh finished (event): 186 milliseconds
2026-10-03 22:46:28.828 [info] Environment refresh took 193 milliseconds
2026-10-03 22:46:28.831 [info] Python interpreter path: /bin/python
2026-10-03 22:46:29.695 [info] Starting Jedi language server for work.
2026-10-03 22:51:11.660 [info] Send text to terminal: /bin/python /voc/work/W1_package/src/hello_llm.py
