2026-10-03 22:46:30.337 [info] semantic_tokens_range file:///voc/work/W1_package/src/hello_llm.py 0:0-33:0
2026-10-03 22:46:30.370 [info] semantic_tokens_full file:///voc/work/W1_package/src/hello_llm.py 
2026-10-03 22:46:32.472 [info] [Debug - 10:46:32 PM] no definitions found for name "create" of type 'statement' (20:35)
2026-10-03 22:46:32.473 [info] [Debug - 10:46:32 PM] no definitions found for name "model" of type 'statement' (21:8)
2026-10-03 22:46:32.474 [info] [Debug - 10:46:32 PM] no definitions found for name "messages" of type 'statement' (22:8)
2026-10-03 22:46:32.567 [info] [Debug - 10:46:32 PM] no definitions found for name "temperature" of type 'statement' (26:8)
2026-10-03 22:46:32.571 [info] [Debug - 10:46:32 PM] no definitions found for name "choices" of type 'statement' (28:16)
2026-10-03 22:46:32.573 [info] [Debug - 10:46:32 PM] no definitions found for name "message" of type 'statement' (28:27)
2026-10-03 22:46:32.574 [info] [Debug - 10:46:32 PM] no definitions found for name "content" of type 'statement' (28:35)
2026-10-03 22:46:32.574 [info] [Debug - 10:46:32 PM] no matching semantic token for "__name__" of type 'statement' (31:3)
2026-10-03 22:46:32.683 [info] [Debug - 10:46:32 PM] multiple definitions found for name "model" of type 'statement' (21:8):
 <Name name='model', description='param model: Union[str, ChatModel]'>
<Name name='model', description='param model: Union[str, ChatModel]'>
<Name name='model', description='param model: Union[str, ChatModel]'>
2026-10-03 22:46:32.685 [info] [Debug - 10:46:32 PM] multiple definitions found for name "messages" of type 'statement' (22:8):
 <Name name='messages', description='param messages: Iterable[ChatCompletionMessageParam]'>
<Name name='messages', description='param messages: Iterable[ChatCompletionMessageParam]'>
<Name name='messages', description='param messages: Iterable[ChatCompletionMessageParam]'>
2026-10-03 22:46:32.688 [info] [Debug - 10:46:32 PM] multiple definitions found for name "temperature" of type 'statement' (26:8):
 <Name name='temperature', description='param temperature: Optional[float] | NotGiven=NOT_GIVEN'>
<Name name='temperature', description='param temperature: Optional[float] | NotGiven=NOT_GIVEN'>
<Name name='temperature', description='param temperature: Optional[float] | NotGiven=NOT_GIVEN'>
2026-10-03 22:46:33.800 [info] [Debug - 10:46:33 PM] no matching semantic token for "__name__" of type 'statement' (31:3)
